// Vitest Snapshot v1, https://vitest.dev/guide/snapshot.html

exports[`<SketchProvider /> > renders children correctly 1`] = `
<div>
  Test Child
</div>
`;
