// Vitest Snapshot v1, https://vitest.dev/guide/snapshot.html

exports[`<ColourPicker /> > renders correctly and matches snapshot 1`] = `
<div>
  <div
    class="MuiGrid-root MuiGrid-container MuiGrid-direction-xs-column MuiGrid-spacing-xs-2 css-1cax9kl-MuiGrid-root"
  >
    <div
      class="react-colorful _editorColourPicker_cffd98"
    >
      <div
        class="react-colorful__saturation"
        style="background-color: rgb(255, 0, 0);"
      >
        <div
          aria-label="Color"
          aria-valuetext="Saturation 100%, Brightness 100%"
          class="react-colorful__interactive"
          role="slider"
          tabindex="0"
        >
          <div
            class="react-colorful__pointer react-colorful__saturation-pointer"
            style="top: 0%; left: 100%;"
          >
            <div
              class="react-colorful__pointer-fill"
              style="background-color: rgb(255, 0, 0);"
            />
          </div>
        </div>
      </div>
      <div
        class="react-colorful__hue react-colorful__last-control"
      >
        <div
          aria-label="Hue"
          aria-valuemax="360"
          aria-valuemin="0"
          aria-valuenow="0"
          class="react-colorful__interactive"
          role="slider"
          tabindex="0"
        >
          <div
            class="react-colorful__pointer react-colorful__hue-pointer"
            style="top: 50%; left: 0%;"
          >
            <div
              class="react-colorful__pointer-fill"
              style="background-color: rgb(255, 0, 0);"
            />
          </div>
        </div>
      </div>
    </div>
    <div
      class="MuiFormControl-root css-1iw3t7y-MuiFormControl-root"
    >
      <div
        class="MuiInputBase-root MuiOutlinedInput-root MuiInputBase-colorPrimary MuiInputBase-formControl MuiInputBase-sizeSmall MuiSelect-root css-sc8y68-MuiInputBase-root-MuiOutlinedInput-root-MuiSelect-root"
      >
        <div
          aria-expanded="false"
          aria-haspopup="listbox"
          class="MuiSelect-select MuiSelect-outlined MuiInputBase-input MuiOutlinedInput-input MuiInputBase-inputSizeSmall css-trm6af-MuiNativeSelect-root-MuiSelect-select-MuiInputBase-input-MuiOutlinedInput-input"
          role="combobox"
          tabindex="0"
        >
          HEX
        </div>
        <input
          aria-hidden="true"
          aria-invalid="false"
          class="MuiSelect-nativeInput css-j0riat-MuiSelect-nativeInput"
          tabindex="-1"
          value="HEX"
        />
        <svg
          aria-hidden="true"
          class="MuiSvgIcon-root MuiSvgIcon-fontSizeMedium MuiSelect-icon MuiSelect-iconOutlined css-1rfqz7c-MuiSvgIcon-root-MuiNativeSelect-root-MuiSelect-icon"
          data-testid="ArrowDropDownIcon"
          focusable="false"
          viewBox="0 0 24 24"
        >
          <path
            d="M7 10l5 5 5-5z"
          />
        </svg>
        <fieldset
          aria-hidden="true"
          class="MuiOutlinedInput-notchedOutline css-18p5xg2-MuiNotchedOutlined-root-MuiOutlinedInput-notchedOutline"
        >
          <legend
            class="css-1nf2c5d-MuiNotchedOutlined-root"
          >
            <span
              aria-hidden="true"
              class="notranslate"
            >
              ​
            </span>
          </legend>
        </fieldset>
      </div>
    </div>
    <div
      class="MuiStack-root css-nen11g-MuiStack-root"
    >
      <label
        class="MuiFormLabel-root MuiFormLabel-colorPrimary css-nwsdb5-MuiFormLabel-root"
      >
        HEX
      </label>
      <div
        class="MuiFormControl-root MuiTextField-root css-1xp5r68-MuiFormControl-root-MuiTextField-root"
      >
        <div
          class="MuiInputBase-root MuiOutlinedInput-root MuiInputBase-colorPrimary MuiInputBase-formControl MuiInputBase-sizeSmall css-quhxjy-MuiInputBase-root-MuiOutlinedInput-root"
        >
          <input
            aria-invalid="false"
            class="MuiInputBase-input MuiOutlinedInput-input MuiInputBase-inputSizeSmall css-1pzfmz2-MuiInputBase-input-MuiOutlinedInput-input"
            id="«r1»"
            type="text"
            value="#ff0000"
          />
          <fieldset
            aria-hidden="true"
            class="MuiOutlinedInput-notchedOutline css-18p5xg2-MuiNotchedOutlined-root-MuiOutlinedInput-notchedOutline"
          >
            <legend
              class="css-1nf2c5d-MuiNotchedOutlined-root"
            >
              <span
                aria-hidden="true"
                class="notranslate"
              >
                ​
              </span>
            </legend>
          </fieldset>
        </div>
      </div>
    </div>
    <div
      class="MuiGrid-root MuiGrid-container MuiGrid-direction-xs-row MuiGrid-spacing-xs-1 css-1yvsbrk-MuiGrid-root"
    >
      <div
        class="MuiBox-root css-10zmmb7"
      />
      <div
        class="MuiBox-root css-1wy9ye4"
      />
      <div
        class="MuiBox-root css-1qu7dg4"
      />
    </div>
  </div>
</div>
`;
